// Jest Snapshot v1, https://goo.gl/fbAQLP

exports[`snapshot 1`] = `
<html>
  <head>
    <style
      data-emotion=""
    >
      
    </style>
    <style
      data-emotion=""
    >
      
      .css-17naqfw{border:'solid black 1px';padding:2px;}
    </style>
    <style
      data-emotion=""
    >
      
      .css-1e0neex{margin-top:8px;}
    </style>
  </head>
  <body>
    <div>
      <article
        class="css-17naqfw"
      >
        <h1>
          Some title
        </h1>
        <p>
          Some background
        </p>
        <button
          class="css-1e0neex"
          type="button"
        >
          Delete
        </button>
        <p>
          Created at 
          16:19:52 on Saturday November 17th 2018
        </p>
        <p>
          Updated at 
          11:11:12 on Sunday December 23th 2018
        </p>
      </article>
    </div>
  </body>
</html>
`;
